Release 14.7 - xst P.20131013 (lin64)
Copyright (c) 1995-2013 Xilinx, Inc.  All rights reserved.
--> 
Parameter TMPDIR set to xst/projnav.tmp


Total REAL time to Xst completion: 0.00 secs
Total CPU time to Xst completion: 0.05 secs
 
--> 
Parameter xsthdpdir set to xst


Total REAL time to Xst completion: 0.00 secs
Total CPU time to Xst completion: 0.06 secs
 
--> 
Reading design: processor.prj

TABLE OF CONTENTS
  1) Synthesis Options Summary
  2) HDL Compilation
  3) Design Hierarchy Analysis
  4) HDL Analysis
  5) HDL Synthesis
     5.1) HDL Synthesis Report
  6) Advanced HDL Synthesis
     6.1) Advanced HDL Synthesis Report
  7) Low Level Synthesis
  8) Partition Report
  9) Final Report
	9.1) Device utilization summary
	9.2) Partition Resource Summary
	9.3) TIMING REPORT


=========================================================================
*                      Synthesis Options Summary                        *
=========================================================================
---- Source Parameters
Input File Name                    : "processor.prj"
Input Format                       : mixed
Ignore Synthesis Constraint File   : NO

---- Target Parameters
Output File Name                   : "processor"
Output Format                      : NGC
Target Device                      : xc3s500e-4-fg320

---- Source Options
Top Module Name                    : processor
Automatic FSM Extraction           : YES
FSM Encoding Algorithm             : Auto
Safe Implementation                : No
FSM Style                          : LUT
RAM Extraction                     : Yes
RAM Style                          : Auto
ROM Extraction                     : Yes
Mux Style                          : Auto
Decoder Extraction                 : YES
Priority Encoder Extraction        : Yes
Shift Register Extraction          : YES
Logical Shifter Extraction         : YES
XOR Collapsing                     : YES
ROM Style                          : Auto
Mux Extraction                     : Yes
Resource Sharing                   : YES
Asynchronous To Synchronous        : NO
Multiplier Style                   : Auto
Automatic Register Balancing       : No

---- Target Options
Add IO Buffers                     : YES
Global Maximum Fanout              : 100000
Add Generic Clock Buffer(BUFG)     : 24
Register Duplication               : YES
Slice Packing                      : YES
Optimize Instantiated Primitives   : NO
Use Clock Enable                   : Yes
Use Synchronous Set                : Yes
Use Synchronous Reset              : Yes
Pack IO Registers into IOBs        : Auto
Equivalent register Removal        : YES

---- General Options
Optimization Goal                  : Speed
Optimization Effort                : 1
Keep Hierarchy                     : No
Netlist Hierarchy                  : As_Optimized
RTL Output                         : Yes
Global Optimization                : AllClockNets
Read Cores                         : YES
Write Timing Constraints           : NO
Cross Clock Analysis               : NO
Hierarchy Separator                : /
Bus Delimiter                      : <>
Case Specifier                     : Maintain
Slice Utilization Ratio            : 100
BRAM Utilization Ratio             : 100
Verilog 2001                       : YES
Auto BRAM Packing                  : NO
Slice Utilization Ratio Delta      : 5

=========================================================================


=========================================================================
*                          HDL Compilation                              *
=========================================================================
Compiling verilog file "Q3.v" in library work
Module <add1> compiled
Module <add4> compiled
Module <sub4> compiled
Module <and4> compiled
Module <or4> compiled
Module <alu4> compiled
Module <regfile> compiled
Module <processor> compiled
Module <printLCD> compiled
No errors in compilation
Analysis of file <"processor.prj"> succeeded.
 

=========================================================================
*                     Design Hierarchy Analysis                         *
=========================================================================
Analyzing hierarchy for module <processor> in library <work>.

Analyzing hierarchy for module <regfile> in library <work>.

Analyzing hierarchy for module <alu4> in library <work>.

Analyzing hierarchy for module <printLCD> in library <work>.

Analyzing hierarchy for module <add4> in library <work>.

Analyzing hierarchy for module <sub4> in library <work>.

Analyzing hierarchy for module <and4> in library <work>.

Analyzing hierarchy for module <or4> in library <work>.

Analyzing hierarchy for module <add1> in library <work>.


=========================================================================
*                            HDL Analysis                               *
=========================================================================
Analyzing top module <processor>.
Module <processor> is correct for synthesis.
 
Analyzing module <regfile> in library <work>.
Module <regfile> is correct for synthesis.
 
Analyzing module <alu4> in library <work>.
Module <alu4> is correct for synthesis.
 
Analyzing module <add4> in library <work>.
Module <add4> is correct for synthesis.
 
Analyzing module <add1> in library <work>.
Module <add1> is correct for synthesis.
 
Analyzing module <sub4> in library <work>.
Module <sub4> is correct for synthesis.
 
Analyzing module <and4> in library <work>.
Module <and4> is correct for synthesis.
 
Analyzing module <or4> in library <work>.
Module <or4> is correct for synthesis.
 
Analyzing module <printLCD> in library <work>.
Module <printLCD> is correct for synthesis.
 

=========================================================================
*                           HDL Synthesis                               *
=========================================================================

Performing bidirectional port resolution...

Synthesizing Unit <regfile>.
    Related source file is "Q3.v".
    Found 16x4-bit dual-port RAM <Mram_register> for signal <register>.
    Found 16x4-bit dual-port RAM <Mram_register_ren> for signal <register>.
    Found 4-bit register for signal <Mtridata_tmp1>.
    Found 4-bit register for signal <Mtridata_tmp2>.
    Found 1-bit register for signal <Mtrien_tmp1>.
    Found 1-bit register for signal <Mtrien_tmp2>.
    Found 4-bit tristate buffer for signal <tmp1>.
    Found 4-bit tristate buffer for signal <tmp2>.
    Summary:
	inferred   2 RAM(s).
	inferred  10 D-type flip-flop(s).
	inferred   8 Tristate(s).
Unit <regfile> synthesized.


Synthesizing Unit <printLCD>.
    Related source file is "Q3.v".
    Found 1-bit register for signal <a>.
    Found 1-bit register for signal <b>.
    Found 1-bit register for signal <c>.
    Found 1-bit register for signal <d>.
    Found 1-bit register for signal <e>.
    Found 1-bit register for signal <rs>.
    Found 1-bit register for signal <rw>.
    Found 6-bit register for signal <code>.
    Found 6-bit addsub for signal <code$addsub0000>.
    Found 6-bit adder for signal <code$addsub0001> created at line 532.
    Found 4-bit comparator lessequal for signal <code$cmp_le0000> created at line 519.
    Found 27-bit up counter for signal <count>.
    Found 1-bit register for signal <refresh>.
    Summary:
	inferred   1 Counter(s).
	inferred  14 D-type flip-flop(s).
	inferred   2 Adder/Subtractor(s).
	inferred   1 Comparator(s).
Unit <printLCD> synthesized.


Synthesizing Unit <and4>.
    Related source file is "Q3.v".
Unit <and4> synthesized.


Synthesizing Unit <or4>.
    Related source file is "Q3.v".
Unit <or4> synthesized.


Synthesizing Unit <add1>.
    Related source file is "Q3.v".
    Found 1-bit adder carry out for signal <AUX_7$addsub0001> created at line 28.
    Summary:
	inferred   2 Adder/Subtractor(s).
Unit <add1> synthesized.


Synthesizing Unit <add4>.
    Related source file is "Q3.v".
Unit <add4> synthesized.


Synthesizing Unit <sub4>.
    Related source file is "Q3.v".
Unit <sub4> synthesized.


Synthesizing Unit <alu4>.
    Related source file is "Q3.v".
WARNING:Xst:646 - Signal <zf1> is assigned but never used. This unconnected signal will be trimmed during the optimization process.
WARNING:Xst:646 - Signal <sub_cout1> is assigned but never used. This unconnected signal will be trimmed during the optimization process.
WARNING:Xst:646 - Signal <sf1> is assigned but never used. This unconnected signal will be trimmed during the optimization process.
WARNING:Xst:646 - Signal <select1> is assigned but never used. This unconnected signal will be trimmed during the optimization process.
WARNING:Xst:646 - Signal <res1> is assigned but never used. This unconnected signal will be trimmed during the optimization process.
WARNING:Xst:646 - Signal <cout1> is assigned but never used. This unconnected signal will be trimmed during the optimization process.
WARNING:Xst:646 - Signal <cf1> is assigned but never used. This unconnected signal will be trimmed during the optimization process.
    Found 1-bit register for signal <cf>.
    Found 1-bit register for signal <cout>.
    Found 1-bit register for signal <sf>.
    Found 1-bit register for signal <zf>.
    Found 4-bit register for signal <res>.
    Summary:
	inferred   8 D-type flip-flop(s).
	inferred   5 Multiplexer(s).
Unit <alu4> synthesized.


Synthesizing Unit <processor>.
    Related source file is "Q3.v".
WARNING:Xst:646 - Signal <tmp5> is assigned but never used. This unconnected signal will be trimmed during the optimization process.
WARNING:Xst:646 - Signal <tmp4> is assigned but never used. This unconnected signal will be trimmed during the optimization process.
WARNING:Xst:646 - Signal <tmp2> is assigned but never used. This unconnected signal will be trimmed during the optimization process.
WARNING:Xst:646 - Signal <tmp1> is assigned but never used. This unconnected signal will be trimmed during the optimization process.
    Found 4-bit register for signal <a>.
    Found 4-bit register for signal <b>.
    Found 3-bit register for signal <opcode>.
    Found 4-bit register for signal <tmp3>.
    Found 1-bit register for signal <tmp6>.
    Found 1-bit register for signal <tmp7>.
    Found 1-bit register for signal <tmp8>.
    Found 1-bit register for signal <tmp9>.
    Summary:
	inferred  19 D-type flip-flop(s).
Unit <processor> synthesized.

INFO:Xst:1767 - HDL ADVISOR - Resource sharing has identified that some arithmetic operations in this design can share the same physical resources for reduced device utilization. For improved clock frequency you may try to disable resource sharing.
WARNING:Xst:524 - All outputs of the instance <instance1> of the block <regfile> are unconnected in block <processor>.
   This instance will be removed from the design along with all underlying logic

=========================================================================
HDL Synthesis Report

Macro Statistics
# Adders/Subtractors                                   : 98
 1-bit adder carry out                                 : 48
 2-bit adder                                           : 48
 6-bit adder                                           : 1
 6-bit addsub                                          : 1
# Counters                                             : 1
 27-bit up counter                                     : 1
# Registers                                            : 37
 1-bit register                                        : 28
 3-bit register                                        : 1
 4-bit register                                        : 7
 6-bit register                                        : 1
# Comparators                                          : 1
 4-bit comparator lessequal                            : 1
# Multiplexers                                         : 8
 1-bit 4-to-1 multiplexer                              : 4
 4-bit 4-to-1 multiplexer                              : 4

=========================================================================

=========================================================================
*                       Advanced HDL Synthesis                          *
=========================================================================

WARNING:Xst:79 - Model 'and4' has different characteristics in destination library
WARNING:Xst:80 - Model name has been changed to 'and41'
WARNING:Xst:79 - Model 'or4' has different characteristics in destination library
WARNING:Xst:80 - Model name has been changed to 'or41'
INFO:Xst:2261 - The FF/Latch <cf> in Unit <instance2> is equivalent to the following FF/Latch, which will be removed : <sf> 
INFO:Xst:2261 - The FF/Latch <cf> in Unit <instance3> is equivalent to the following FF/Latch, which will be removed : <sf> 
WARNING:Xst:1293 - FF/Latch <cf> has a constant value of 0 in block <instance2>. This FF/Latch will be trimmed during the optimization process.
WARNING:Xst:1293 - FF/Latch <cf> has a constant value of 0 in block <instance3>. This FF/Latch will be trimmed during the optimization process.
WARNING:Xst:1293 - FF/Latch <sf> has a constant value of 0 in block <instance4>. This FF/Latch will be trimmed during the optimization process.
WARNING:Xst:1293 - FF/Latch <cf> has a constant value of 0 in block <instance5>. This FF/Latch will be trimmed during the optimization process.

=========================================================================
Advanced HDL Synthesis Report

Macro Statistics
# Adders/Subtractors                                   : 98
 1-bit adder carry out                                 : 48
 2-bit adder                                           : 48
 6-bit adder                                           : 1
 6-bit addsub                                          : 1
# Counters                                             : 1
 27-bit up counter                                     : 1
# Registers                                            : 65
 Flip-Flops                                            : 65
# Comparators                                          : 1
 4-bit comparator lessequal                            : 1
# Multiplexers                                         : 8
 1-bit 4-to-1 multiplexer                              : 4
 4-bit 4-to-1 multiplexer                              : 4

=========================================================================

=========================================================================
*                         Low Level Synthesis                           *
=========================================================================
WARNING:Xst:1293 - FF/Latch <instance5/cf> has a constant value of 0 in block <processor>. This FF/Latch will be trimmed during the optimization process.
WARNING:Xst:1896 - Due to other FF/Latch trimming, FF/Latch <instance4/sf> has a constant value of 0 in block <processor>. This FF/Latch will be trimmed during the optimization process.
WARNING:Xst:1896 - Due to other FF/Latch trimming, FF/Latch <instance3/sf> has a constant value of 0 in block <processor>. This FF/Latch will be trimmed during the optimization process.
WARNING:Xst:1896 - Due to other FF/Latch trimming, FF/Latch <instance3/cf> has a constant value of 0 in block <processor>. This FF/Latch will be trimmed during the optimization process.
WARNING:Xst:1896 - Due to other FF/Latch trimming, FF/Latch <instance2/sf> has a constant value of 0 in block <processor>. This FF/Latch will be trimmed during the optimization process.
WARNING:Xst:1896 - Due to other FF/Latch trimming, FF/Latch <instance2/cf> has a constant value of 0 in block <processor>. This FF/Latch will be trimmed during the optimization process.
WARNING:Xst:2677 - Node <instance5/cout> of sequential type is unconnected in block <processor>.
WARNING:Xst:2677 - Node <instance4/cout> of sequential type is unconnected in block <processor>.
WARNING:Xst:2677 - Node <instance3/cout> of sequential type is unconnected in block <processor>.
WARNING:Xst:2677 - Node <instance2/cout> of sequential type is unconnected in block <processor>.
WARNING:Xst:2042 - Unit regfile: 8 internal tristates are replaced by logic (pull-up yes): tmp1<0>, tmp1<1>, tmp1<2>, tmp1<3>, tmp2<0>, tmp2<1>, tmp2<2>, tmp2<3>.

Optimizing unit <processor> ...

Optimizing unit <regfile> ...

Optimizing unit <printLCD> ...

Mapping all equations...
Building and optimizing final netlist ...
Found area constraint ratio of 100 (+ 5) on block processor, actual ratio is 1.

Final Macro Processing ...

Processing Unit <processor> :
	Found 2-bit shift register for signal <print_1/e>.
Unit <processor> processed.

=========================================================================
Final Register Report

Macro Statistics
# Registers                                            : 80
 Flip-Flops                                            : 80
# Shift Registers                                      : 1
 2-bit shift register                                  : 1

=========================================================================

=========================================================================
*                           Partition Report                            *
=========================================================================

Partition Implementation Status
-------------------------------

  No Partitions were found in this design.

-------------------------------

=========================================================================
*                            Final Report                               *
=========================================================================
Final Results
RTL Top Level Output File Name     : processor.ngr
Top Level Output File Name         : processor
Output Format                      : NGC
Optimization Goal                  : Speed
Keep Hierarchy                     : No

Design Statistics
# IOs                              : 25

Cell Usage :
# BELS                             : 189
#      GND                         : 1
#      INV                         : 1
#      LUT1                        : 27
#      LUT2                        : 26
#      LUT2_D                      : 2
#      LUT3                        : 12
#      LUT3_D                      : 2
#      LUT4                        : 42
#      LUT4_D                      : 1
#      LUT4_L                      : 2
#      MUXCY                       : 31
#      MUXF5                       : 8
#      VCC                         : 1
#      XORCY                       : 33
# FlipFlops/Latches                : 81
#      FD                          : 57
#      FDE                         : 11
#      FDR                         : 7
#      FDS                         : 6
# Shift Registers                  : 1
#      SRL16                       : 1
# Clock Buffers                    : 1
#      BUFGP                       : 1
# IO Buffers                       : 23
#      IBUF                        : 7
#      OBUF                        : 16
=========================================================================

Device utilization summary:
---------------------------

Selected Device : 3s500efg320-4 

 Number of Slices:                       63  out of   4656     1%  
 Number of Slice Flip Flops:             81  out of   9312     0%  
 Number of 4 input LUTs:                116  out of   9312     1%  
    Number used as logic:               115
    Number used as Shift registers:       1
 Number of IOs:                          25
 Number of bonded IOBs:                  24  out of    232    10%  
 Number of GCLKs:                         1  out of     24     4%  

---------------------------
Partition Resource Summary:
---------------------------

  No Partitions were found in this design.

---------------------------


=========================================================================
TIMING REPORT

NOTE: THESE TIMING NUMBERS ARE ONLY A SYNTHESIS ESTIMATE.
      FOR ACCURATE TIMING INFORMATION PLEASE REFER TO THE TRACE REPORT
      GENERATED AFTER PLACE-and-ROUTE.

Clock Information:
------------------
-----------------------------------+------------------------+-------+
Clock Signal                       | Clock buffer(FF name)  | Load  |
-----------------------------------+------------------------+-------+
clk                                | BUFGP                  | 82    |
-----------------------------------+------------------------+-------+

Asynchronous Control Signals Information:
----------------------------------------
No asynchronous control signals found in this design

Timing Summary:
---------------
Speed Grade: -4

   Minimum period: 6.618ns (Maximum Frequency: 151.103MHz)
   Minimum input arrival time before clock: 3.908ns
   Maximum output required time after clock: 4.824ns
   Maximum combinational path delay: No path found

Timing Detail:
--------------
All values displayed in nanoseconds (ns)

=========================================================================
Timing constraint: Default period analysis for Clock 'clk'
  Clock period: 6.618ns (frequency: 151.103MHz)
  Total number of paths / destination ports: 875 / 83
-------------------------------------------------------------------------
Delay:               6.618ns (Levels of Logic = 9)
  Source:            tmp3_2 (FF)
  Destination:       print_1/code_5 (FF)
  Source Clock:      clk rising
  Destination Clock: clk rising

  Data Path: tmp3_2 to print_1/code_5
                                Gate     Net
    Cell:in->out      fanout   Delay   Delay  Logical Name (Net Name)
    ----------------------------------------  ------------
     FDS:C->Q             10   0.591   1.057  tmp3_2 (tmp3_2)
     LUT3:I0->O            4   0.704   0.622  print_1/code_mux0000<3>221 (print_1/code_mux0001<1>_mand)
     LUT3:I2->O            1   0.704   0.000  print_1/Maddsub_code_addsub0000_lut<0> (print_1/Maddsub_code_addsub0000_lut<0>)
     MUXCY:S->O            1   0.464   0.000  print_1/Maddsub_code_addsub0000_cy<0> (print_1/Maddsub_code_addsub0000_cy<0>)
     MUXCY:CI->O           1   0.059   0.000  print_1/Maddsub_code_addsub0000_cy<1> (print_1/Maddsub_code_addsub0000_cy<1>)
     MUXCY:CI->O           1   0.059   0.000  print_1/Maddsub_code_addsub0000_cy<2> (print_1/Maddsub_code_addsub0000_cy<2>)
     MUXCY:CI->O           1   0.059   0.000  print_1/Maddsub_code_addsub0000_cy<3> (print_1/Maddsub_code_addsub0000_cy<3>)
     MUXCY:CI->O           0   0.059   0.000  print_1/Maddsub_code_addsub0000_cy<4> (print_1/Maddsub_code_addsub0000_cy<4>)
     XORCY:CI->O           1   0.804   0.424  print_1/Maddsub_code_addsub0000_xor<5> (print_1/code_addsub0000<5>)
     LUT4:I3->O            1   0.704   0.000  print_1/code_mux0000<0>1 (print_1/code_mux0000<0>1)
     FDR:D                     0.308          print_1/code_5
    ----------------------------------------
    Total                      6.618ns (4.515ns logic, 2.103ns route)
                                       (68.2% logic, 31.8% route)

=========================================================================
Timing constraint: Default OFFSET IN BEFORE for Clock 'clk'
  Total number of paths / destination ports: 32 / 22
-------------------------------------------------------------------------
Offset:              3.908ns (Levels of Logic = 2)
  Source:            push1 (PAD)
  Destination:       b_0 (FF)
  Destination Clock: clk rising

  Data Path: push1 to b_0
                                Gate     Net
    Cell:in->out      fanout   Delay   Delay  Logical Name (Net Name)
    ----------------------------------------  ------------
     IBUF:I->O             6   1.218   0.844  push1_IBUF (push1_IBUF)
     LUT2:I0->O            4   0.704   0.587  b_not00011 (b_not0001)
     FDE:CE                    0.555          b_0
    ----------------------------------------
    Total                      3.908ns (2.477ns logic, 1.431ns route)
                                       (63.4% logic, 36.6% route)

=========================================================================
Timing constraint: Default OFFSET OUT AFTER for Clock 'clk'
  Total number of paths / destination ports: 15 / 15
-------------------------------------------------------------------------
Offset:              4.824ns (Levels of Logic = 1)
  Source:            tmp3_3 (FF)
  Destination:       res<3> (PAD)
  Source Clock:      clk rising

  Data Path: tmp3_3 to res<3>
                                Gate     Net
    Cell:in->out      fanout   Delay   Delay  Logical Name (Net Name)
    ----------------------------------------  ------------
     FDS:C->Q             12   0.591   0.961  tmp3_3 (tmp3_3)
     OBUF:I->O                 3.272          res_3_OBUF (res<3>)
    ----------------------------------------
    Total                      4.824ns (3.863ns logic, 0.961ns route)
                                       (80.1% logic, 19.9% route)

=========================================================================


Total REAL time to Xst completion: 7.00 secs
Total CPU time to Xst completion: 6.77 secs
 
--> 


Total memory usage is 527876 kilobytes

Number of errors   :    0 (   0 filtered)
Number of warnings :   31 (   0 filtered)
Number of infos    :    3 (   0 filtered)

